// Jest Snapshot v1, https://goo.gl/fbAQLP

exports[`Pruebas en GifApp Debe de hacer match con el snapshot 1`] = `
<div>
  <h1>
    GifApp
  </h1>
  <form
    aria-label="form"
  >
    <input
      placeholder="Buscar GIFs"
      type="text"
      value=""
    />
  </form>
  <h3>
    SMITE
  </h3>
  <h2>
    Cargando...
  </h2>
  <div
    class="card-grid"
  />
</div>
`;
